Copyright 1986-2022 Xilinx, Inc. All Rights Reserved. Copyright 2022-2024 Advanced Micro Devices, Inc. All Rights Reserved.
--------------------------------------------------------------------------------------------------------------------------------------------------------------------------------------
| Tool Version : Vivado v.2024.2 (win64) Build 5239630 Fri Nov 08 22:35:27 MST 2024
| Date         : Sun May 10 21:44:50 2026
| Host         : DESKTOP-SVALI2U running 64-bit major release  (build 9200)
| Command      : report_methodology -file design_1_wrapper_methodology_drc_routed.rpt -pb design_1_wrapper_methodology_drc_routed.pb -rpx design_1_wrapper_methodology_drc_routed.rpx
| Design       : design_1_wrapper
| Device       : xck26-sfvc784-2LV-c
| Speed File   : -2LV
| Design State : Fully Routed
--------------------------------------------------------------------------------------------------------------------------------------------------------------------------------------

Report Methodology

Table of Contents
-----------------
1. REPORT SUMMARY
2. REPORT DETAILS

1. REPORT SUMMARY
-----------------
            Netlist: netlist
          Floorplan: design_1
      Design limits: <entire design considered>
             Max checks: <unlimited>
             Checks found: 97
+-----------+------------------+--------------------------------------------------------+--------+
| Rule      | Severity         | Description                                            | Checks |
+-----------+------------------+--------------------------------------------------------+--------+
| TIMING-2  | Critical Warning | Invalid primary clock source pin                       | 1      |
| TIMING-20 | Warning          | Non-clocked latch                                      | 94     |
| XDCC-1    | Warning          | Scoped Clock constraint overwritten with the same name | 1      |
| LATCH-1   | Advisory         | Existing latches in the design                         | 1      |
+-----------+------------------+--------------------------------------------------------+--------+

2. REPORT DETAILS
-----------------
TIMING-2#1 Critical Warning
Invalid primary clock source pin  
A primary clock clk_pl_0 is created on an inappropriate pin design_1_i/zynq_ultra_ps_e_0/pl_clk0. It is recommended to create a primary clock only on a proper clock source (input port or primitive output pin with no timing arc)
Related violations: <none>

TIMING-20#1 Warning
Non-clocked latch  
The latch design_1_i/animalnet_axi_lite_0/inst/u_animalnet_top/bias_rom_addr_reg[0] cannot be properly analyzed as its control pin design_1_i/animalnet_axi_lite_0/inst/u_animalnet_top/bias_rom_addr_reg[0]/G is not reached by a timing clock
Related violations: <none>

TIMING-20#2 Warning
Non-clocked latch  
The latch design_1_i/animalnet_axi_lite_0/inst/u_animalnet_top/bias_rom_addr_reg[10] cannot be properly analyzed as its control pin design_1_i/animalnet_axi_lite_0/inst/u_animalnet_top/bias_rom_addr_reg[10]/G is not reached by a timing clock
Related violations: <none>

TIMING-20#3 Warning
Non-clocked latch  
The latch design_1_i/animalnet_axi_lite_0/inst/u_animalnet_top/bias_rom_addr_reg[11] cannot be properly analyzed as its control pin design_1_i/animalnet_axi_lite_0/inst/u_animalnet_top/bias_rom_addr_reg[11]/G is not reached by a timing clock
Related violations: <none>

TIMING-20#4 Warning
Non-clocked latch  
The latch design_1_i/animalnet_axi_lite_0/inst/u_animalnet_top/bias_rom_addr_reg[1] cannot be properly analyzed as its control pin design_1_i/animalnet_axi_lite_0/inst/u_animalnet_top/bias_rom_addr_reg[1]/G is not reached by a timing clock
Related violations: <none>

TIMING-20#5 Warning
Non-clocked latch  
The latch design_1_i/animalnet_axi_lite_0/inst/u_animalnet_top/bias_rom_addr_reg[2] cannot be properly analyzed as its control pin design_1_i/animalnet_axi_lite_0/inst/u_animalnet_top/bias_rom_addr_reg[2]/G is not reached by a timing clock
Related violations: <none>

TIMING-20#6 Warning
Non-clocked latch  
The latch design_1_i/animalnet_axi_lite_0/inst/u_animalnet_top/bias_rom_addr_reg[3] cannot be properly analyzed as its control pin design_1_i/animalnet_axi_lite_0/inst/u_animalnet_top/bias_rom_addr_reg[3]/G is not reached by a timing clock
Related violations: <none>

TIMING-20#7 Warning
Non-clocked latch  
The latch design_1_i/animalnet_axi_lite_0/inst/u_animalnet_top/bias_rom_addr_reg[4] cannot be properly analyzed as its control pin design_1_i/animalnet_axi_lite_0/inst/u_animalnet_top/bias_rom_addr_reg[4]/G is not reached by a timing clock
Related violations: <none>

TIMING-20#8 Warning
Non-clocked latch  
The latch design_1_i/animalnet_axi_lite_0/inst/u_animalnet_top/bias_rom_addr_reg[5] cannot be properly analyzed as its control pin design_1_i/animalnet_axi_lite_0/inst/u_animalnet_top/bias_rom_addr_reg[5]/G is not reached by a timing clock
Related violations: <none>

TIMING-20#9 Warning
Non-clocked latch  
The latch design_1_i/animalnet_axi_lite_0/inst/u_animalnet_top/bias_rom_addr_reg[6] cannot be properly analyzed as its control pin design_1_i/animalnet_axi_lite_0/inst/u_animalnet_top/bias_rom_addr_reg[6]/G is not reached by a timing clock
Related violations: <none>

TIMING-20#10 Warning
Non-clocked latch  
The latch design_1_i/animalnet_axi_lite_0/inst/u_animalnet_top/bias_rom_addr_reg[7] cannot be properly analyzed as its control pin design_1_i/animalnet_axi_lite_0/inst/u_animalnet_top/bias_rom_addr_reg[7]/G is not reached by a timing clock
Related violations: <none>

TIMING-20#11 Warning
Non-clocked latch  
The latch design_1_i/animalnet_axi_lite_0/inst/u_animalnet_top/bias_rom_addr_reg[8] cannot be properly analyzed as its control pin design_1_i/animalnet_axi_lite_0/inst/u_animalnet_top/bias_rom_addr_reg[8]/G is not reached by a timing clock
Related violations: <none>

TIMING-20#12 Warning
Non-clocked latch  
The latch design_1_i/animalnet_axi_lite_0/inst/u_animalnet_top/bias_rom_addr_reg[9] cannot be properly analyzed as its control pin design_1_i/animalnet_axi_lite_0/inst/u_animalnet_top/bias_rom_addr_reg[9]/G is not reached by a timing clock
Related violations: <none>

TIMING-20#13 Warning
Non-clocked latch  
The latch design_1_i/animalnet_axi_lite_0/inst/u_animalnet_top/weight_rom_addr_reg[0] cannot be properly analyzed as its control pin design_1_i/animalnet_axi_lite_0/inst/u_animalnet_top/weight_rom_addr_reg[0]/G is not reached by a timing clock
Related violations: <none>

TIMING-20#14 Warning
Non-clocked latch  
The latch design_1_i/animalnet_axi_lite_0/inst/u_animalnet_top/weight_rom_addr_reg[0]_rep cannot be properly analyzed as its control pin design_1_i/animalnet_axi_lite_0/inst/u_animalnet_top/weight_rom_addr_reg[0]_rep/G is not reached by a timing clock
Related violations: <none>

TIMING-20#15 Warning
Non-clocked latch  
The latch design_1_i/animalnet_axi_lite_0/inst/u_animalnet_top/weight_rom_addr_reg[0]_rep__0 cannot be properly analyzed as its control pin design_1_i/animalnet_axi_lite_0/inst/u_animalnet_top/weight_rom_addr_reg[0]_rep__0/G is not reached by a timing clock
Related violations: <none>

TIMING-20#16 Warning
Non-clocked latch  
The latch design_1_i/animalnet_axi_lite_0/inst/u_animalnet_top/weight_rom_addr_reg[0]_rep__1 cannot be properly analyzed as its control pin design_1_i/animalnet_axi_lite_0/inst/u_animalnet_top/weight_rom_addr_reg[0]_rep__1/G is not reached by a timing clock
Related violations: <none>

TIMING-20#17 Warning
Non-clocked latch  
The latch design_1_i/animalnet_axi_lite_0/inst/u_animalnet_top/weight_rom_addr_reg[0]_rep__2 cannot be properly analyzed as its control pin design_1_i/animalnet_axi_lite_0/inst/u_animalnet_top/weight_rom_addr_reg[0]_rep__2/G is not reached by a timing clock
Related violations: <none>

TIMING-20#18 Warning
Non-clocked latch  
The latch design_1_i/animalnet_axi_lite_0/inst/u_animalnet_top/weight_rom_addr_reg[0]_rep__3 cannot be properly analyzed as its control pin design_1_i/animalnet_axi_lite_0/inst/u_animalnet_top/weight_rom_addr_reg[0]_rep__3/G is not reached by a timing clock
Related violations: <none>

TIMING-20#19 Warning
Non-clocked latch  
The latch design_1_i/animalnet_axi_lite_0/inst/u_animalnet_top/weight_rom_addr_reg[10] cannot be properly analyzed as its control pin design_1_i/animalnet_axi_lite_0/inst/u_animalnet_top/weight_rom_addr_reg[10]/G is not reached by a timing clock
Related violations: <none>

TIMING-20#20 Warning
Non-clocked latch  
The latch design_1_i/animalnet_axi_lite_0/inst/u_animalnet_top/weight_rom_addr_reg[10]_rep cannot be properly analyzed as its control pin design_1_i/animalnet_axi_lite_0/inst/u_animalnet_top/weight_rom_addr_reg[10]_rep/G is not reached by a timing clock
Related violations: <none>

TIMING-20#21 Warning
Non-clocked latch  
The latch design_1_i/animalnet_axi_lite_0/inst/u_animalnet_top/weight_rom_addr_reg[10]_rep__0 cannot be properly analyzed as its control pin design_1_i/animalnet_axi_lite_0/inst/u_animalnet_top/weight_rom_addr_reg[10]_rep__0/G is not reached by a timing clock
Related violations: <none>

TIMING-20#22 Warning
Non-clocked latch  
The latch design_1_i/animalnet_axi_lite_0/inst/u_animalnet_top/weight_rom_addr_reg[10]_rep__1 cannot be properly analyzed as its control pin design_1_i/animalnet_axi_lite_0/inst/u_animalnet_top/weight_rom_addr_reg[10]_rep__1/G is not reached by a timing clock
Related violations: <none>

TIMING-20#23 Warning
Non-clocked latch  
The latch design_1_i/animalnet_axi_lite_0/inst/u_animalnet_top/weight_rom_addr_reg[10]_rep__2 cannot be properly analyzed as its control pin design_1_i/animalnet_axi_lite_0/inst/u_animalnet_top/weight_rom_addr_reg[10]_rep__2/G is not reached by a timing clock
Related violations: <none>

TIMING-20#24 Warning
Non-clocked latch  
The latch design_1_i/animalnet_axi_lite_0/inst/u_animalnet_top/weight_rom_addr_reg[10]_rep__3 cannot be properly analyzed as its control pin design_1_i/animalnet_axi_lite_0/inst/u_animalnet_top/weight_rom_addr_reg[10]_rep__3/G is not reached by a timing clock
Related violations: <none>

TIMING-20#25 Warning
Non-clocked latch  
The latch design_1_i/animalnet_axi_lite_0/inst/u_animalnet_top/weight_rom_addr_reg[11] cannot be properly analyzed as its control pin design_1_i/animalnet_axi_lite_0/inst/u_animalnet_top/weight_rom_addr_reg[11]/G is not reached by a timing clock
Related violations: <none>

TIMING-20#26 Warning
Non-clocked latch  
The latch design_1_i/animalnet_axi_lite_0/inst/u_animalnet_top/weight_rom_addr_reg[11]_rep cannot be properly analyzed as its control pin design_1_i/animalnet_axi_lite_0/inst/u_animalnet_top/weight_rom_addr_reg[11]_rep/G is not reached by a timing clock
Related violations: <none>

TIMING-20#27 Warning
Non-clocked latch  
The latch design_1_i/animalnet_axi_lite_0/inst/u_animalnet_top/weight_rom_addr_reg[11]_rep__0 cannot be properly analyzed as its control pin design_1_i/animalnet_axi_lite_0/inst/u_animalnet_top/weight_rom_addr_reg[11]_rep__0/G is not reached by a timing clock
Related violations: <none>

TIMING-20#28 Warning
Non-clocked latch  
The latch design_1_i/animalnet_axi_lite_0/inst/u_animalnet_top/weight_rom_addr_reg[11]_rep__1 cannot be properly analyzed as its control pin design_1_i/animalnet_axi_lite_0/inst/u_animalnet_top/weight_rom_addr_reg[11]_rep__1/G is not reached by a timing clock
Related violations: <none>

TIMING-20#29 Warning
Non-clocked latch  
The latch design_1_i/animalnet_axi_lite_0/inst/u_animalnet_top/weight_rom_addr_reg[11]_rep__2 cannot be properly analyzed as its control pin design_1_i/animalnet_axi_lite_0/inst/u_animalnet_top/weight_rom_addr_reg[11]_rep__2/G is not reached by a timing clock
Related violations: <none>

TIMING-20#30 Warning
Non-clocked latch  
The latch design_1_i/animalnet_axi_lite_0/inst/u_animalnet_top/weight_rom_addr_reg[11]_rep__3 cannot be properly analyzed as its control pin design_1_i/animalnet_axi_lite_0/inst/u_animalnet_top/weight_rom_addr_reg[11]_rep__3/G is not reached by a timing clock
Related violations: <none>

TIMING-20#31 Warning
Non-clocked latch  
The latch design_1_i/animalnet_axi_lite_0/inst/u_animalnet_top/weight_rom_addr_reg[12] cannot be properly analyzed as its control pin design_1_i/animalnet_axi_lite_0/inst/u_animalnet_top/weight_rom_addr_reg[12]/G is not reached by a timing clock
Related violations: <none>

TIMING-20#32 Warning
Non-clocked latch  
The latch design_1_i/animalnet_axi_lite_0/inst/u_animalnet_top/weight_rom_addr_reg[12]_rep cannot be properly analyzed as its control pin design_1_i/animalnet_axi_lite_0/inst/u_animalnet_top/weight_rom_addr_reg[12]_rep/G is not reached by a timing clock
Related violations: <none>

TIMING-20#33 Warning
Non-clocked latch  
The latch design_1_i/animalnet_axi_lite_0/inst/u_animalnet_top/weight_rom_addr_reg[12]_rep__0 cannot be properly analyzed as its control pin design_1_i/animalnet_axi_lite_0/inst/u_animalnet_top/weight_rom_addr_reg[12]_rep__0/G is not reached by a timing clock
Related violations: <none>

TIMING-20#34 Warning
Non-clocked latch  
The latch design_1_i/animalnet_axi_lite_0/inst/u_animalnet_top/weight_rom_addr_reg[13] cannot be properly analyzed as its control pin design_1_i/animalnet_axi_lite_0/inst/u_animalnet_top/weight_rom_addr_reg[13]/G is not reached by a timing clock
Related violations: <none>

TIMING-20#35 Warning
Non-clocked latch  
The latch design_1_i/animalnet_axi_lite_0/inst/u_animalnet_top/weight_rom_addr_reg[13]_rep cannot be properly analyzed as its control pin design_1_i/animalnet_axi_lite_0/inst/u_animalnet_top/weight_rom_addr_reg[13]_rep/G is not reached by a timing clock
Related violations: <none>

TIMING-20#36 Warning
Non-clocked latch  
The latch design_1_i/animalnet_axi_lite_0/inst/u_animalnet_top/weight_rom_addr_reg[13]_rep__0 cannot be properly analyzed as its control pin design_1_i/animalnet_axi_lite_0/inst/u_animalnet_top/weight_rom_addr_reg[13]_rep__0/G is not reached by a timing clock
Related violations: <none>

TIMING-20#37 Warning
Non-clocked latch  
The latch design_1_i/animalnet_axi_lite_0/inst/u_animalnet_top/weight_rom_addr_reg[14] cannot be properly analyzed as its control pin design_1_i/animalnet_axi_lite_0/inst/u_animalnet_top/weight_rom_addr_reg[14]/G is not reached by a timing clock
Related violations: <none>

TIMING-20#38 Warning
Non-clocked latch  
The latch design_1_i/animalnet_axi_lite_0/inst/u_animalnet_top/weight_rom_addr_reg[15] cannot be properly analyzed as its control pin design_1_i/animalnet_axi_lite_0/inst/u_animalnet_top/weight_rom_addr_reg[15]/G is not reached by a timing clock
Related violations: <none>

TIMING-20#39 Warning
Non-clocked latch  
The latch design_1_i/animalnet_axi_lite_0/inst/u_animalnet_top/weight_rom_addr_reg[16] cannot be properly analyzed as its control pin design_1_i/animalnet_axi_lite_0/inst/u_animalnet_top/weight_rom_addr_reg[16]/G is not reached by a timing clock
Related violations: <none>

TIMING-20#40 Warning
Non-clocked latch  
The latch design_1_i/animalnet_axi_lite_0/inst/u_animalnet_top/weight_rom_addr_reg[17] cannot be properly analyzed as its control pin design_1_i/animalnet_axi_lite_0/inst/u_animalnet_top/weight_rom_addr_reg[17]/G is not reached by a timing clock
Related violations: <none>

TIMING-20#41 Warning
Non-clocked latch  
The latch design_1_i/animalnet_axi_lite_0/inst/u_animalnet_top/weight_rom_addr_reg[1] cannot be properly analyzed as its control pin design_1_i/animalnet_axi_lite_0/inst/u_animalnet_top/weight_rom_addr_reg[1]/G is not reached by a timing clock
Related violations: <none>

TIMING-20#42 Warning
Non-clocked latch  
The latch design_1_i/animalnet_axi_lite_0/inst/u_animalnet_top/weight_rom_addr_reg[1]_rep cannot be properly analyzed as its control pin design_1_i/animalnet_axi_lite_0/inst/u_animalnet_top/weight_rom_addr_reg[1]_rep/G is not reached by a timing clock
Related violations: <none>

TIMING-20#43 Warning
Non-clocked latch  
The latch design_1_i/animalnet_axi_lite_0/inst/u_animalnet_top/weight_rom_addr_reg[1]_rep__0 cannot be properly analyzed as its control pin design_1_i/animalnet_axi_lite_0/inst/u_animalnet_top/weight_rom_addr_reg[1]_rep__0/G is not reached by a timing clock
Related violations: <none>

TIMING-20#44 Warning
Non-clocked latch  
The latch design_1_i/animalnet_axi_lite_0/inst/u_animalnet_top/weight_rom_addr_reg[1]_rep__1 cannot be properly analyzed as its control pin design_1_i/animalnet_axi_lite_0/inst/u_animalnet_top/weight_rom_addr_reg[1]_rep__1/G is not reached by a timing clock
Related violations: <none>

TIMING-20#45 Warning
Non-clocked latch  
The latch design_1_i/animalnet_axi_lite_0/inst/u_animalnet_top/weight_rom_addr_reg[1]_rep__2 cannot be properly analyzed as its control pin design_1_i/animalnet_axi_lite_0/inst/u_animalnet_top/weight_rom_addr_reg[1]_rep__2/G is not reached by a timing clock
Related violations: <none>

TIMING-20#46 Warning
Non-clocked latch  
The latch design_1_i/animalnet_axi_lite_0/inst/u_animalnet_top/weight_rom_addr_reg[1]_rep__3 cannot be properly analyzed as its control pin design_1_i/animalnet_axi_lite_0/inst/u_animalnet_top/weight_rom_addr_reg[1]_rep__3/G is not reached by a timing clock
Related violations: <none>

TIMING-20#47 Warning
Non-clocked latch  
The latch design_1_i/animalnet_axi_lite_0/inst/u_animalnet_top/weight_rom_addr_reg[2] cannot be properly analyzed as its control pin design_1_i/animalnet_axi_lite_0/inst/u_animalnet_top/weight_rom_addr_reg[2]/G is not reached by a timing clock
Related violations: <none>

TIMING-20#48 Warning
Non-clocked latch  
The latch design_1_i/animalnet_axi_lite_0/inst/u_animalnet_top/weight_rom_addr_reg[2]_rep cannot be properly analyzed as its control pin design_1_i/animalnet_axi_lite_0/inst/u_animalnet_top/weight_rom_addr_reg[2]_rep/G is not reached by a timing clock
Related violations: <none>

TIMING-20#49 Warning
Non-clocked latch  
The latch design_1_i/animalnet_axi_lite_0/inst/u_animalnet_top/weight_rom_addr_reg[2]_rep__0 cannot be properly analyzed as its control pin design_1_i/animalnet_axi_lite_0/inst/u_animalnet_top/weight_rom_addr_reg[2]_rep__0/G is not reached by a timing clock
Related violations: <none>

TIMING-20#50 Warning
Non-clocked latch  
The latch design_1_i/animalnet_axi_lite_0/inst/u_animalnet_top/weight_rom_addr_reg[2]_rep__1 cannot be properly analyzed as its control pin design_1_i/animalnet_axi_lite_0/inst/u_animalnet_top/weight_rom_addr_reg[2]_rep__1/G is not reached by a timing clock
Related violations: <none>

TIMING-20#51 Warning
Non-clocked latch  
The latch design_1_i/animalnet_axi_lite_0/inst/u_animalnet_top/weight_rom_addr_reg[2]_rep__2 cannot be properly analyzed as its control pin design_1_i/animalnet_axi_lite_0/inst/u_animalnet_top/weight_rom_addr_reg[2]_rep__2/G is not reached by a timing clock
Related violations: <none>

TIMING-20#52 Warning
Non-clocked latch  
The latch design_1_i/animalnet_axi_lite_0/inst/u_animalnet_top/weight_rom_addr_reg[2]_rep__3 cannot be properly analyzed as its control pin design_1_i/animalnet_axi_lite_0/inst/u_animalnet_top/weight_rom_addr_reg[2]_rep__3/G is not reached by a timing clock
Related violations: <none>

TIMING-20#53 Warning
Non-clocked latch  
The latch design_1_i/animalnet_axi_lite_0/inst/u_animalnet_top/weight_rom_addr_reg[3] cannot be properly analyzed as its control pin design_1_i/animalnet_axi_lite_0/inst/u_animalnet_top/weight_rom_addr_reg[3]/G is not reached by a timing clock
Related violations: <none>

TIMING-20#54 Warning
Non-clocked latch  
The latch design_1_i/animalnet_axi_lite_0/inst/u_animalnet_top/weight_rom_addr_reg[3]_rep cannot be properly analyzed as its control pin design_1_i/animalnet_axi_lite_0/inst/u_animalnet_top/weight_rom_addr_reg[3]_rep/G is not reached by a timing clock
Related violations: <none>

TIMING-20#55 Warning
Non-clocked latch  
The latch design_1_i/animalnet_axi_lite_0/inst/u_animalnet_top/weight_rom_addr_reg[3]_rep__0 cannot be properly analyzed as its control pin design_1_i/animalnet_axi_lite_0/inst/u_animalnet_top/weight_rom_addr_reg[3]_rep__0/G is not reached by a timing clock
Related violations: <none>

TIMING-20#56 Warning
Non-clocked latch  
The latch design_1_i/animalnet_axi_lite_0/inst/u_animalnet_top/weight_rom_addr_reg[3]_rep__1 cannot be properly analyzed as its control pin design_1_i/animalnet_axi_lite_0/inst/u_animalnet_top/weight_rom_addr_reg[3]_rep__1/G is not reached by a timing clock
Related violations: <none>

TIMING-20#57 Warning
Non-clocked latch  
The latch design_1_i/animalnet_axi_lite_0/inst/u_animalnet_top/weight_rom_addr_reg[3]_rep__2 cannot be properly analyzed as its control pin design_1_i/animalnet_axi_lite_0/inst/u_animalnet_top/weight_rom_addr_reg[3]_rep__2/G is not reached by a timing clock
Related violations: <none>

TIMING-20#58 Warning
Non-clocked latch  
The latch design_1_i/animalnet_axi_lite_0/inst/u_animalnet_top/weight_rom_addr_reg[3]_rep__3 cannot be properly analyzed as its control pin design_1_i/animalnet_axi_lite_0/inst/u_animalnet_top/weight_rom_addr_reg[3]_rep__3/G is not reached by a timing clock
Related violations: <none>

TIMING-20#59 Warning
Non-clocked latch  
The latch design_1_i/animalnet_axi_lite_0/inst/u_animalnet_top/weight_rom_addr_reg[4] cannot be properly analyzed as its control pin design_1_i/animalnet_axi_lite_0/inst/u_animalnet_top/weight_rom_addr_reg[4]/G is not reached by a timing clock
Related violations: <none>

TIMING-20#60 Warning
Non-clocked latch  
The latch design_1_i/animalnet_axi_lite_0/inst/u_animalnet_top/weight_rom_addr_reg[4]_rep cannot be properly analyzed as its control pin design_1_i/animalnet_axi_lite_0/inst/u_animalnet_top/weight_rom_addr_reg[4]_rep/G is not reached by a timing clock
Related violations: <none>

TIMING-20#61 Warning
Non-clocked latch  
The latch design_1_i/animalnet_axi_lite_0/inst/u_animalnet_top/weight_rom_addr_reg[4]_rep__0 cannot be properly analyzed as its control pin design_1_i/animalnet_axi_lite_0/inst/u_animalnet_top/weight_rom_addr_reg[4]_rep__0/G is not reached by a timing clock
Related violations: <none>

TIMING-20#62 Warning
Non-clocked latch  
The latch design_1_i/animalnet_axi_lite_0/inst/u_animalnet_top/weight_rom_addr_reg[4]_rep__1 cannot be properly analyzed as its control pin design_1_i/animalnet_axi_lite_0/inst/u_animalnet_top/weight_rom_addr_reg[4]_rep__1/G is not reached by a timing clock
Related violations: <none>

TIMING-20#63 Warning
Non-clocked latch  
The latch design_1_i/animalnet_axi_lite_0/inst/u_animalnet_top/weight_rom_addr_reg[4]_rep__2 cannot be properly analyzed as its control pin design_1_i/animalnet_axi_lite_0/inst/u_animalnet_top/weight_rom_addr_reg[4]_rep__2/G is not reached by a timing clock
Related violations: <none>

TIMING-20#64 Warning
Non-clocked latch  
The latch design_1_i/animalnet_axi_lite_0/inst/u_animalnet_top/weight_rom_addr_reg[4]_rep__3 cannot be properly analyzed as its control pin design_1_i/animalnet_axi_lite_0/inst/u_animalnet_top/weight_rom_addr_reg[4]_rep__3/G is not reached by a timing clock
Related violations: <none>

TIMING-20#65 Warning
Non-clocked latch  
The latch design_1_i/animalnet_axi_lite_0/inst/u_animalnet_top/weight_rom_addr_reg[5] cannot be properly analyzed as its control pin design_1_i/animalnet_axi_lite_0/inst/u_animalnet_top/weight_rom_addr_reg[5]/G is not reached by a timing clock
Related violations: <none>

TIMING-20#66 Warning
Non-clocked latch  
The latch design_1_i/animalnet_axi_lite_0/inst/u_animalnet_top/weight_rom_addr_reg[5]_rep cannot be properly analyzed as its control pin design_1_i/animalnet_axi_lite_0/inst/u_animalnet_top/weight_rom_addr_reg[5]_rep/G is not reached by a timing clock
Related violations: <none>

TIMING-20#67 Warning
Non-clocked latch  
The latch design_1_i/animalnet_axi_lite_0/inst/u_animalnet_top/weight_rom_addr_reg[5]_rep__0 cannot be properly analyzed as its control pin design_1_i/animalnet_axi_lite_0/inst/u_animalnet_top/weight_rom_addr_reg[5]_rep__0/G is not reached by a timing clock
Related violations: <none>

TIMING-20#68 Warning
Non-clocked latch  
The latch design_1_i/animalnet_axi_lite_0/inst/u_animalnet_top/weight_rom_addr_reg[5]_rep__1 cannot be properly analyzed as its control pin design_1_i/animalnet_axi_lite_0/inst/u_animalnet_top/weight_rom_addr_reg[5]_rep__1/G is not reached by a timing clock
Related violations: <none>

TIMING-20#69 Warning
Non-clocked latch  
The latch design_1_i/animalnet_axi_lite_0/inst/u_animalnet_top/weight_rom_addr_reg[5]_rep__2 cannot be properly analyzed as its control pin design_1_i/animalnet_axi_lite_0/inst/u_animalnet_top/weight_rom_addr_reg[5]_rep__2/G is not reached by a timing clock
Related violations: <none>

TIMING-20#70 Warning
Non-clocked latch  
The latch design_1_i/animalnet_axi_lite_0/inst/u_animalnet_top/weight_rom_addr_reg[5]_rep__3 cannot be properly analyzed as its control pin design_1_i/animalnet_axi_lite_0/inst/u_animalnet_top/weight_rom_addr_reg[5]_rep__3/G is not reached by a timing clock
Related violations: <none>

TIMING-20#71 Warning
Non-clocked latch  
The latch design_1_i/animalnet_axi_lite_0/inst/u_animalnet_top/weight_rom_addr_reg[6] cannot be properly analyzed as its control pin design_1_i/animalnet_axi_lite_0/inst/u_animalnet_top/weight_rom_addr_reg[6]/G is not reached by a timing clock
Related violations: <none>

TIMING-20#72 Warning
Non-clocked latch  
The latch design_1_i/animalnet_axi_lite_0/inst/u_animalnet_top/weight_rom_addr_reg[6]_rep cannot be properly analyzed as its control pin design_1_i/animalnet_axi_lite_0/inst/u_animalnet_top/weight_rom_addr_reg[6]_rep/G is not reached by a timing clock
Related violations: <none>

TIMING-20#73 Warning
Non-clocked latch  
The latch design_1_i/animalnet_axi_lite_0/inst/u_animalnet_top/weight_rom_addr_reg[6]_rep__0 cannot be properly analyzed as its control pin design_1_i/animalnet_axi_lite_0/inst/u_animalnet_top/weight_rom_addr_reg[6]_rep__0/G is not reached by a timing clock
Related violations: <none>

TIMING-20#74 Warning
Non-clocked latch  
The latch design_1_i/animalnet_axi_lite_0/inst/u_animalnet_top/weight_rom_addr_reg[6]_rep__1 cannot be properly analyzed as its control pin design_1_i/animalnet_axi_lite_0/inst/u_animalnet_top/weight_rom_addr_reg[6]_rep__1/G is not reached by a timing clock
Related violations: <none>

TIMING-20#75 Warning
Non-clocked latch  
The latch design_1_i/animalnet_axi_lite_0/inst/u_animalnet_top/weight_rom_addr_reg[6]_rep__2 cannot be properly analyzed as its control pin design_1_i/animalnet_axi_lite_0/inst/u_animalnet_top/weight_rom_addr_reg[6]_rep__2/G is not reached by a timing clock
Related violations: <none>

TIMING-20#76 Warning
Non-clocked latch  
The latch design_1_i/animalnet_axi_lite_0/inst/u_animalnet_top/weight_rom_addr_reg[6]_rep__3 cannot be properly analyzed as its control pin design_1_i/animalnet_axi_lite_0/inst/u_animalnet_top/weight_rom_addr_reg[6]_rep__3/G is not reached by a timing clock
Related violations: <none>

TIMING-20#77 Warning
Non-clocked latch  
The latch design_1_i/animalnet_axi_lite_0/inst/u_animalnet_top/weight_rom_addr_reg[7] cannot be properly analyzed as its control pin design_1_i/animalnet_axi_lite_0/inst/u_animalnet_top/weight_rom_addr_reg[7]/G is not reached by a timing clock
Related violations: <none>

TIMING-20#78 Warning
Non-clocked latch  
The latch design_1_i/animalnet_axi_lite_0/inst/u_animalnet_top/weight_rom_addr_reg[7]_rep cannot be properly analyzed as its control pin design_1_i/animalnet_axi_lite_0/inst/u_animalnet_top/weight_rom_addr_reg[7]_rep/G is not reached by a timing clock
Related violations: <none>

TIMING-20#79 Warning
Non-clocked latch  
The latch design_1_i/animalnet_axi_lite_0/inst/u_animalnet_top/weight_rom_addr_reg[7]_rep__0 cannot be properly analyzed as its control pin design_1_i/animalnet_axi_lite_0/inst/u_animalnet_top/weight_rom_addr_reg[7]_rep__0/G is not reached by a timing clock
Related violations: <none>

TIMING-20#80 Warning
Non-clocked latch  
The latch design_1_i/animalnet_axi_lite_0/inst/u_animalnet_top/weight_rom_addr_reg[7]_rep__1 cannot be properly analyzed as its control pin design_1_i/animalnet_axi_lite_0/inst/u_animalnet_top/weight_rom_addr_reg[7]_rep__1/G is not reached by a timing clock
Related violations: <none>

TIMING-20#81 Warning
Non-clocked latch  
The latch design_1_i/animalnet_axi_lite_0/inst/u_animalnet_top/weight_rom_addr_reg[7]_rep__2 cannot be properly analyzed as its control pin design_1_i/animalnet_axi_lite_0/inst/u_animalnet_top/weight_rom_addr_reg[7]_rep__2/G is not reached by a timing clock
Related violations: <none>

TIMING-20#82 Warning
Non-clocked latch  
The latch design_1_i/animalnet_axi_lite_0/inst/u_animalnet_top/weight_rom_addr_reg[7]_rep__3 cannot be properly analyzed as its control pin design_1_i/animalnet_axi_lite_0/inst/u_animalnet_top/weight_rom_addr_reg[7]_rep__3/G is not reached by a timing clock
Related violations: <none>

TIMING-20#83 Warning
Non-clocked latch  
The latch design_1_i/animalnet_axi_lite_0/inst/u_animalnet_top/weight_rom_addr_reg[8] cannot be properly analyzed as its control pin design_1_i/animalnet_axi_lite_0/inst/u_animalnet_top/weight_rom_addr_reg[8]/G is not reached by a timing clock
Related violations: <none>

TIMING-20#84 Warning
Non-clocked latch  
The latch design_1_i/animalnet_axi_lite_0/inst/u_animalnet_top/weight_rom_addr_reg[8]_rep cannot be properly analyzed as its control pin design_1_i/animalnet_axi_lite_0/inst/u_animalnet_top/weight_rom_addr_reg[8]_rep/G is not reached by a timing clock
Related violations: <none>

TIMING-20#85 Warning
Non-clocked latch  
The latch design_1_i/animalnet_axi_lite_0/inst/u_animalnet_top/weight_rom_addr_reg[8]_rep__0 cannot be properly analyzed as its control pin design_1_i/animalnet_axi_lite_0/inst/u_animalnet_top/weight_rom_addr_reg[8]_rep__0/G is not reached by a timing clock
Related violations: <none>

TIMING-20#86 Warning
Non-clocked latch  
The latch design_1_i/animalnet_axi_lite_0/inst/u_animalnet_top/weight_rom_addr_reg[8]_rep__1 cannot be properly analyzed as its control pin design_1_i/animalnet_axi_lite_0/inst/u_animalnet_top/weight_rom_addr_reg[8]_rep__1/G is not reached by a timing clock
Related violations: <none>

TIMING-20#87 Warning
Non-clocked latch  
The latch design_1_i/animalnet_axi_lite_0/inst/u_animalnet_top/weight_rom_addr_reg[8]_rep__2 cannot be properly analyzed as its control pin design_1_i/animalnet_axi_lite_0/inst/u_animalnet_top/weight_rom_addr_reg[8]_rep__2/G is not reached by a timing clock
Related violations: <none>

TIMING-20#88 Warning
Non-clocked latch  
The latch design_1_i/animalnet_axi_lite_0/inst/u_animalnet_top/weight_rom_addr_reg[8]_rep__3 cannot be properly analyzed as its control pin design_1_i/animalnet_axi_lite_0/inst/u_animalnet_top/weight_rom_addr_reg[8]_rep__3/G is not reached by a timing clock
Related violations: <none>

TIMING-20#89 Warning
Non-clocked latch  
The latch design_1_i/animalnet_axi_lite_0/inst/u_animalnet_top/weight_rom_addr_reg[9] cannot be properly analyzed as its control pin design_1_i/animalnet_axi_lite_0/inst/u_animalnet_top/weight_rom_addr_reg[9]/G is not reached by a timing clock
Related violations: <none>

TIMING-20#90 Warning
Non-clocked latch  
The latch design_1_i/animalnet_axi_lite_0/inst/u_animalnet_top/weight_rom_addr_reg[9]_rep cannot be properly analyzed as its control pin design_1_i/animalnet_axi_lite_0/inst/u_animalnet_top/weight_rom_addr_reg[9]_rep/G is not reached by a timing clock
Related violations: <none>

TIMING-20#91 Warning
Non-clocked latch  
The latch design_1_i/animalnet_axi_lite_0/inst/u_animalnet_top/weight_rom_addr_reg[9]_rep__0 cannot be properly analyzed as its control pin design_1_i/animalnet_axi_lite_0/inst/u_animalnet_top/weight_rom_addr_reg[9]_rep__0/G is not reached by a timing clock
Related violations: <none>

TIMING-20#92 Warning
Non-clocked latch  
The latch design_1_i/animalnet_axi_lite_0/inst/u_animalnet_top/weight_rom_addr_reg[9]_rep__1 cannot be properly analyzed as its control pin design_1_i/animalnet_axi_lite_0/inst/u_animalnet_top/weight_rom_addr_reg[9]_rep__1/G is not reached by a timing clock
Related violations: <none>

TIMING-20#93 Warning
Non-clocked latch  
The latch design_1_i/animalnet_axi_lite_0/inst/u_animalnet_top/weight_rom_addr_reg[9]_rep__2 cannot be properly analyzed as its control pin design_1_i/animalnet_axi_lite_0/inst/u_animalnet_top/weight_rom_addr_reg[9]_rep__2/G is not reached by a timing clock
Related violations: <none>

TIMING-20#94 Warning
Non-clocked latch  
The latch design_1_i/animalnet_axi_lite_0/inst/u_animalnet_top/weight_rom_addr_reg[9]_rep__3 cannot be properly analyzed as its control pin design_1_i/animalnet_axi_lite_0/inst/u_animalnet_top/weight_rom_addr_reg[9]_rep__3/G is not reached by a timing clock
Related violations: <none>

XDCC-1#1 Warning
Scoped Clock constraint overwritten with the same name  
A new clock constraint create_clock overrides a previous scoped clock constraint with the same name. It is not recommended to override a scoped (typically an IP) clock constraint and could result in unexpected behaviors.
New: create_clock -period 9.361 -name clk_pl_0 [get_pins design_1_i/zynq_ultra_ps_e_0/pl_clk0] (Source: C:/Users/NguyenHuy/Downloads/SoC_Animal/SoC_Animal.srcs/constrs_1/new/Fmax.xdc (Line: 1))
Previous: create_clock -period 10.000 -name clk_pl_0 [get_pins {PS8_i/PLCLK[0]}] (Source: c:/Users/NguyenHuy/Downloads/SoC_Animal/SoC_Animal.gen/sources_1/bd/design_1/ip/design_1_zynq_ultra_ps_e_0_0/design_1_zynq_ultra_ps_e_0_0.xdc (Line: 21))
Related violations: <none>

LATCH-1#1 Advisory
Existing latches in the design  
There are 94 latches found in the design. Inferred latches are often the result of HDL coding mistakes, such as incomplete if or case statements.
Related violations: <none>


