Vivado Simulator v2024.2.0
Copyright 1986-2022 Xilinx, Inc. All Rights Reserved.
Copyright 2022-2024 Advanced Micro Devices, Inc. All Rights Reserved.
Running: C:/Xilinx/Vivado/2024.2/bin/unwrapped/win64.o/xelab.exe --incr --debug typical --relax --mt 2 -L xil_defaultlib -L xilinx_vip -L unisims_ver -L unimacro_ver -L secureip -L xpm --snapshot tb_conv2d_sequential_behav xil_defaultlib.tb_conv2d_sequential xil_defaultlib.glbl -log elaborate.log 
Using 2 slave threads.
Starting static elaboration
Pass Through NonSizing Optimizer
Completed static elaboration
Starting simulation data flow analysis
WARNING: [XSIM 43-4099] "C:/Users/NguyenHuy/Downloads/SoC_Project/conv2d_sequential.v" Line 1. Module conv2d_sequential(IN_C=2,OUT_C=2,IN_H=3,IN_W=3,STRIDE=1) doesn't have a timescale but at least one module in design has a timescale.
WARNING: [XSIM 43-4099] "C:/Users/NguyenHuy/Downloads/SoC_Project/conv2d_regular_sequential.v" Line 1. Module conv2d_regular_sequential(IN_C=2,OUT_C=2,IN_H=3,IN_W=3,STRIDE=1) doesn't have a timescale but at least one module in design has a timescale.
WARNING: [XSIM 43-4099] "C:/Users/NguyenHuy/Downloads/SoC_Project/conv2d_sequential.v" Line 1. Module conv2d_sequential(IN_C=2,OUT_C=2,IN_H=3,IN_W=3,STRIDE=1) doesn't have a timescale but at least one module in design has a timescale.
WARNING: [XSIM 43-4099] "C:/Users/NguyenHuy/Downloads/SoC_Project/conv2d_regular_sequential.v" Line 1. Module conv2d_regular_sequential(IN_C=2,OUT_C=2,IN_H=3,IN_W=3,STRIDE=1) doesn't have a timescale but at least one module in design has a timescale.
Completed simulation data flow analysis
Time Resolution for simulation is 1ps
Compiling module xil_defaultlib.conv2d_regular_sequential(IN_C=2...
Compiling module xil_defaultlib.conv2d_sequential(IN_C=2,OUT_C=2...
Compiling module xil_defaultlib.tb_conv2d_sequential
Compiling module xil_defaultlib.glbl
Built simulation snapshot tb_conv2d_sequential_behav
